# 准备构建

## 创建新分区
* __fdisk__ 查看分区情况,__/dev/sdb__ 新硬盘还未分区

```sh
[root@localhost ~]# fdisk -l

Disk /dev/sda: 10.7 GB, 10737418240 bytes
255 heads, 63 sectors/track, 1305 cylinders
Units = cylinders of 16065 * 512 = 8225280 bytes
Sector size (logical/physical): 512 bytes / 512 bytes
I/O size (minimum/optimal): 512 bytes / 512 bytes
Disk identifier: 0x0001a770

   Device Boot      Start         End      Blocks   Id  System
   /dev/sda1   *           1          64      512000   83  Linux
   Partition 1 does not end on cylinder boundary.
   /dev/sda2              64        1306     9972736   8e  Linux LVM

   Disk /dev/sdb: 10.7 GB, 10737418240 bytes
   255 heads, 63 sectors/track, 1305 cylinders
   Units = cylinders of 16065 * 512 = 8225280 bytes
   Sector size (logical/physical): 512 bytes / 512 bytes
   I/O size (minimum/optimal): 512 bytes / 512 bytes
   Disk identifier: 0x00000000


   Disk /dev/mapper/VolGroup-lv_root: 9135 MB, 9135194112 bytes
   255 heads, 63 sectors/track, 1110 cylinders
   Units = cylinders of 16065 * 512 = 8225280 bytes
   Sector size (logical/physical): 512 bytes / 512 bytes
   I/O size (minimum/optimal): 512 bytes / 512 bytes
   Disk identifier: 0x00000000


   Disk /dev/mapper/VolGroup-lv_swap: 1073 MB, 1073741824 bytes
   255 heads, 63 sectors/track, 130 cylinders
   Units = cylinders of 16065 * 512 = 8225280 bytes
   Sector size (logical/physical): 512 bytes / 512 bytes
   I/O size (minimum/optimal): 512 bytes / 512 bytes
   Disk identifier: 0x00000000
```
* fdisk

```sh
fdisk /dev/sdb
n --创建新分区
1 --输入分区号
--分区起始点和结束点 可以默认
w--保存退出
mkfs -t ext4 /dev/sdb1 --格式化为ext4文件系统
vim /etc/fstab--挂载
加入 /dev/sdb1               /mnt/lfs                ext4    defaults        0 0
```

## 挂载新分区

```sh
export LFS=/mnt/lfs #同时加入到.bash_profile
mkdir -pv $LFS
mount -v -t ext4 /dev/sdb1 $LFS
```
